---
source: src/ui_tests.rs
expression: output
---
┌dtop vX.X.X - 0 containers ('?' for help, 'q' to quit)────────────────────────────────────────────┐
│  CPU %                       Memory %                   Net TX       Net RX       Uptime ▼       │
│                                                                                                  │
│                                                                                                  │
│                                                                                                  │
│                                                                                                  │
│                                                                                                  │
│                                                                                                  │
│                                                                                                  │
│                                                                                                  │
│                                                                                                  │
│                                                                                                  │
│                                                                                                  │
│                                                                                                  │
│                                                                                                  │
│                                                                                                  │
│                                                                                                  │
│                                                                                                  │
│                                                                                                  │
└──────────────────────────────────────────────────────────────────────────────────────────────────┘
