---
source: src/ui_tests.rs
expression: output
---
┌dtop v0.2.0 - 0 containers (↑/↓ to navigate, '?' for help, 'q' to quit)───────────────────────────┐
│  CPU %                       Memory %                   Net TX       Net RX       Uptime         │
│                                                                                                  │
│                                                                                                  │
│                                                                                                  │
│                                                                                                  │
│                                                                                                  │
│                                                                                                  │
│                                                                                                  │
│                                                                                                  │
│                                                                                                  │
│                                                                                                  │
│                                                                                                  │
│                                                                                                  │
│                                                                                                  │
│                                                                                                  │
│                                                                                                  │
│                                                                                                  │
│                                                                                                  │
└──────────────────────────────────────────────────────────────────────────────────────────────────┘
