---
source: src/ui/ui_tests.rs
expression: output
---
dtop vX.X.X - 1 containers ('?' for help, 'q' to quit)                                                                  
                                                                                                                        
  ID             Name                                        CPU %   Memory  Net TX       Net RX       Created ▼        
                                                                                                                        
  abc123456789 ▶ nginx  ┌─────────────────── Help - Press ? or ESC to close ───────────────────┐s      2 hours ago      
                        │                                                                      │                        
                        │                                                                      │                        
                        │ Navigation                                                           │                        
                        │   ↑/↓ or j/k  Navigate containers or scroll logs (1 line)            │                        
                        │   Enter       Open action menu for container                         │                        
                        │   →/l         View logs for selected container                       │                        
                        │   ←/h         Exit log view                                          │                        
                        │   Esc         Close action menu, search, or help                     │                        
                        │                                                                      │                        
                        │ Log View Scrolling                                                   │                        
                        │   g           Scroll to top                                          │                        
                        │   G           Scroll to bottom                                       │                        
                        │   Ctrl+U / b  Page up                                                │                        
                        │   Ctrl+D / Space  Page down                                          │                        
                        │   o           Open container in Dozzle (if configured and available) │                        
                        │   a/A         Toggle showing all containers (including stopped)      │                        
                        │   /           Filter containers by name, id or host                  │                        
                        │                                                                      │                        
                        │ Sorting                                                              │                        
                        └──────────────────────────────────────────────────────────────────────┘
