---
source: src/ui/ui_tests.rs
expression: output
---
dtop vX.X.X - 1 containers ('?' for help, 'q' to quit)                                                                  
                                                                                                                        
  ID             Name                                        CPU %   Memory  Net TX       Net RX       Created ▼        
            ┌─────────────────────────────── Help - Press ? or ESC to close ───────────────────────────────┐            
  abc1234567│                                                                                              │rs ago      
            │                                                                                              │            
            │ Navigation                                                                                   │            
            │   ↑/↓, j/k    Navigate/scroll (1 line)    →/l    View logs      ←/h    Exit logs             │            
            │   Enter       Action menu                 Esc    Close menu     ?      Toggle help           │            
            │   a           Show all containers         /      Filter         o      Open Dozzle           │            
            │   s           Sort by                     c      Column visibility                           │            
            │   PgUp/PgDn   Page up/down                Home   First          End    Last                  │            
            │                                                                                              │            
            │ Preferences                                                                                  │            
            │   Ctrl+S      Save preferences            Ctrl+R Reset to defaults                           │            
            │                                                                                              │            
            │ Log View Scrolling                                                                           │            
            │   g/Home      Top              Ctrl+U, b, PgUp    Page up     Ctrl+D, Space, PgDn  Page down │            
            │   G/End       Bottom                                                                         │            
            │                                                                                              │            
            │ Status Icons                                                                                 │            
            │ ✓ Healthy  ✖ Unhealthy  ◐ Starting  ▶ Running  ⏸ Paused  ■ Exited                            │            
            │                                                                                              │            
            │ Colors                                                                                       │            
            │   Green (0-50%)  Yellow (50-80%)  Red (>80%)                                                 │            
            └──────────────────────────────────────────────────────────────────────────────────────────────┘
